Microchip MPLAB XC8 Compiler V2.10 ()

Linker command line:

-W-3 --edf=C:\Program Files (x86)\Microchip\xc8\v2.10\pic\dat\en_msgs.txt \
  -cs -h+dist/default/production\Swift.X.production.sym \
  --cmf=dist/default/production\Swift.X.production.cmf -z -Q16F877A \
  -oC:\Users\TARIQA~1.DIA\AppData\Local\Temp\s103s.2 \
  --defsym=__MPLAB_BUILD=1 -Mdist/default/production/Swift.X.production.map \
  -E1 -ver=XC8 --acfsm=1493 -ASTACK=0110h-016Fh -pstack=STACK \
  -ACODE=00h-07FFhx4 -ASTRCODE=00h-01FFFh -ASTRING=00h-0FFhx32 \
  -ACONST=00h-0FFhx32 -AENTRY=00h-0FFhx32 -ACOMMON=070h-07Fh \
  -ABANK0=020h-06Fh -ABANK1=0A0h-0EFh -ABANK2=0110h-016Fh \
  -ABANK3=0190h-01EFh -ARAM=020h-06Fh,0A0h-0EFh,0110h-016Fh,0190h-01EFh \
  -AABS1=020h-07Fh,0A0h-0EFh,0110h-016Fh,0190h-01EFh -ASFR0=00h-01Fh \
  -ASFR1=080h-09Fh -ASFR2=0100h-010Fh -ASFR3=0180h-018Fh \
  -preset_vec=00h,intentry=04h,init,end_init -ppowerup=CODE -pcinit=CODE \
  -pfunctab=ENTRY -ACONFIG=02007h-02007h -pconfig=CONFIG -DCONFIG=2 \
  -AIDLOC=02000h-02003h -pidloc=IDLOC -DIDLOC=2 -AEEDATA=00h-0FFh/02100h \
  -peeprom_data=EEDATA -DEEDATA=2 -DCODE=2 -DSTRCODE=2 -DSTRING=2 -DCONST=2 \
  -DENTRY=2 -k C:\Users\TARIQA~1.DIA\AppData\Local\Temp\s103s.o \
  dist/default/production\Swift.X.production.o 

Object code version is 3.11

Machine type is 16F877A



                Name                               Link     Load   Length Selector   Space Scale
C:\Users\TARIQA~1.DIA\AppData\Local\Temp\s103s.o
                end_init                              C        C        3        8       0
                reset_vec                             0        0        3        0       0
                config                             2007     2007        1     400E       0
dist/default/production\Swift.X.production.o
                cinit                                 F        F       2A        8       0
                intentry                              4        4        8        8       0
                text36                              AE1      AE1       16     15C2       0
                text35                              ACC      ACC       15     1598       0
                text34                              FA2      FA2       5E     1F44       0
                text33                              B9B      B9B       27     1736       0
                text32                              411      411       E9        8       0
                text31                              5B1      5B1       93        8       0
                text30                              AF7      AF7       1A     15EE       0
                text29                              328      328       E9        8       0
                text28                              CD1      CD1       34     19A2       0
                text27                              6C9      6C9       79        8       0
                text26                              BC2      BC2       27     1784       0
                text25                              B75      B75       26     16EA       0
                text24                              D39      D39       39     1A72       0
                text23                              B2F      B2F       21     165E       0
                text22                              DAB      DAB       3C     1B56       0
                text21                              4FA      4FA       B7        8       0
                text20                              BE9      BE9       28     17D2       0
                text19                              C9E      C9E       33     193C       0
                text18                              742      742       69        8       0
                text17                              F47      F47       5B     1E8E       0
                text16                              E60      E60       46     1CC0       0
                text15                              DE7      DE7       3C     1BCE       0
                text14                              23E      23E       EA        8       0
                text13                              A97      A97        7     152E       0
                text12                              B11      B11       1E     1622       0
                text11                              E23      E23       3D     1C46       0
                text10                              B50      B50       25     16A0       0
                text9                               D72      D72       39     1AE4       0
                text8                               EEE      EEE       59     1DDC       0
                text7                               D05      D05       34     1A0A       0
                text6                               C3C      C3C       30     1878       0
                text5                                39       39      11B        8       0
                text4                               C6C      C6C       32     18D8       0
                text3                               AA6      AA6       13     154C       0
                text2                               C11      C11       2B     1822       0
                text1                               644      644       85        8       0
                maintext                            154      154       EA        8       0
                cstackBANK0                          20       20       31       20       1
                cstackCOMMON                         70       70        8       70       1
                clrtext                             A9E      A9E        8     153C       0
                inittext                            AB9      AB9       13     1572       0
                dataBANK1                            A0       A0       48       A0       1
                dataBANK0                            66       66        A       20       1
                bssBANK0                             51       51       15       20       1
                bssCOMMON                            78       78        3       70       1
                strings                             7AB      7AB       49      F56       0
                idataBANK1                          EA6      EA6       48     1D4C       0
                idataBANK0                          7F4      7F4        A      FE8       0

TOTAL           Name                               Link     Load   Length     Space
        CLASS   STACK          

        CLASS   CODE           
                end_init                              C        C        3         0
                cinit                                 F        F       2A         0
                intentry                              4        4        8         0
                reset_vec                             0        0        3         0
                text36                              AE1      AE1       16         0
                text35                              ACC      ACC       15         0
                text34                              FA2      FA2       5E         0
                text33                              B9B      B9B       27         0
                text32                              411      411       E9         0
                text31                              5B1      5B1       93         0
                text30                              AF7      AF7       1A         0
                text29                              328      328       E9         0
                text28                              CD1      CD1       34         0
                text27                              6C9      6C9       79         0
                text26                              BC2      BC2       27         0
                text25                              B75      B75       26         0
                text24                              D39      D39       39         0
                text23                              B2F      B2F       21         0
                text22                              DAB      DAB       3C         0
                text21                              4FA      4FA       B7         0
                text20                              BE9      BE9       28         0
                text19                              C9E      C9E       33         0
                text18                              742      742       69         0
                text17                              F47      F47       5B         0
                text16                              E60      E60       46         0
                text15                              DE7      DE7       3C         0
                text14                              23E      23E       EA         0
                text13                              A97      A97        7         0
                text12                              B11      B11       1E         0
                text11                              E23      E23       3D         0
                text10                              B50      B50       25         0
                text9                               D72      D72       39         0
                text8                               EEE      EEE       59         0
                text7                               D05      D05       34         0
                text6                               C3C      C3C       30         0
                text5                                39       39      11B         0
                text4                               C6C      C6C       32         0
                text3                               AA6      AA6       13         0
                text2                               C11      C11       2B         0
                text1                               644      644       85         0
                maintext                            154      154       EA         0
                clrtext                             A9E      A9E        8         0
                inittext                            AB9      AB9       13         0
                idataBANK1                          EA6      EA6       48         0
                idataBANK0                          7F4      7F4        A         0

        CLASS   STRCODE        

        CLASS   STRING         
                strings                             7AB      7AB       49         0

        CLASS   CONST          

        CLASS   ENTRY          

        CLASS   COMMON         
                cstackCOMMON                         70       70        8         1
                bssCOMMON                            78       78        3         1

        CLASS   BANK0          
                cstackBANK0                          20       20       31         1
                dataBANK0                            66       66        A         1
                bssBANK0                             51       51       15         1

        CLASS   BANK1          
                dataBANK1                            A0       A0       48         1

        CLASS   BANK2          

        CLASS   BANK3          

        CLASS   RAM            

        CLASS   ABS1           
                abs_s1                               7E       7E        2         1

        CLASS   SFR0           

        CLASS   SFR1           

        CLASS   SFR2           

        CLASS   SFR3           

        CLASS   CONFIG         
                config                             2007     2007        1         0

        CLASS   IDLOC          

        CLASS   EEDATA         



SEGMENTS        Name                           Load    Length   Top    Selector   Space  Class     Delta

                reset_vec                      000000  000003  000003         0       0  CODE        2
                intentry                       000004  0007A7  0007AB         8       0  CODE        2
                cstackBANK0                    000020  000050  000070        20       1  BANK0       1
                cstackCOMMON                   000070  00000B  00007B        70       1  COMMON      1
                dataBANK1                      0000A0  000048  0000E8        A0       1  BANK1       1
                strings                        0007AB  000049  0007F4       F56       0  STRING      2
                idataBANK0                     0007F4  00000A  0007FE       FE8       0  CODE        2
                text13                         000A97  000007  000A9E      152E       0  CODE        2
                clrtext                        000A9E  000008  000AA6      153C       0  CODE        2
                text3                          000AA6  000013  000AB9      154C       0  CODE        2
                inittext                       000AB9  000013  000ACC      1572       0  CODE        2
                text35                         000ACC  000015  000AE1      1598       0  CODE        2
                text36                         000AE1  000016  000AF7      15C2       0  CODE        2
                text30                         000AF7  00001A  000B11      15EE       0  CODE        2
                text12                         000B11  00001E  000B2F      1622       0  CODE        2
                text23                         000B2F  000021  000B50      165E       0  CODE        2
                text10                         000B50  000025  000B75      16A0       0  CODE        2
                text25                         000B75  000026  000B9B      16EA       0  CODE        2
                text33                         000B9B  000027  000BC2      1736       0  CODE        2
                text26                         000BC2  000027  000BE9      1784       0  CODE        2
                text20                         000BE9  000028  000C11      17D2       0  CODE        2
                text2                          000C11  00002B  000C3C      1822       0  CODE        2
                text6                          000C3C  000030  000C6C      1878       0  CODE        2
                text4                          000C6C  000032  000C9E      18D8       0  CODE        2
                text19                         000C9E  000033  000CD1      193C       0  CODE        2
                text28                         000CD1  000034  000D05      19A2       0  CODE        2
                text7                          000D05  000034  000D39      1A0A       0  CODE        2
                text24                         000D39  000039  000D72      1A72       0  CODE        2
                text9                          000D72  000039  000DAB      1AE4       0  CODE        2
                text22                         000DAB  00003C  000DE7      1B56       0  CODE        2
                text15                         000DE7  00003C  000E23      1BCE       0  CODE        2
                text11                         000E23  00003D  000E60      1C46       0  CODE        2
                text16                         000E60  000046  000EA6      1CC0       0  CODE        2
                idataBANK1                     000EA6  000048  000EEE      1D4C       0  CODE        2
                text8                          000EEE  000059  000F47      1DDC       0  CODE        2
                text17                         000F47  00005B  000FA2      1E8E       0  CODE        2
                text34                         000FA2  00005E  001000      1F44       0  CODE        2
                config                         002007  000001  002008      400E       0  CONFIG      2


UNUSED ADDRESS RANGES

        Name                Unused          Largest block    Delta
        BANK1            00E8-00EF              8           1
        BANK2            0110-016F             60           1
        BANK3            0190-01EF             60           1
        CODE             0003-0003              1           2
                         07FE-0A96              2
                         1000-1FFF            800
        COMMON           007B-007D              3           1
        CONST            0003-0003              1           2
                         07FE-0A96            100
                         1000-1FFF            100
        EEDATA           2100-21FF            100           2
        ENTRY            0003-0003              1           2
                         07FE-0A96            100
                         1000-1FFF            100
        IDLOC            2000-2003              4           2
        RAM              00E8-00EF              8           1
                         0110-016F             60
                         0190-01EF             60
        SFR0             0000-001F             20           1
        SFR1             0080-009F             20           1
        SFR2             0100-010F             10           1
        SFR3             0180-018F             10           1
        STACK            0110-016F             60           1
        STRCODE          0003-0003              1           2
                         07FE-0A96            299
                         1000-1FFF           1000
        STRING           0003-0003              1           2
                         07FE-0A96            100
                         1000-1FFF            100

                                  Symbol Table

?___awdiv                         cstackCOMMON 0073
?___awmod                         cstackCOMMON 0073
?___lwdiv                         cstackCOMMON 0073
?___lwmod                         cstackBANK0  0023
?___wmul                          cstackCOMMON 0073
?_key_read_keypad                 cstackBANK0  0024
?_sprintf                         cstackBANK0  0029
_Done_flag                        bssBANK0     0059
_GIE                              (abs)        005F
_PEIE                             (abs)        005E
_PORTA                            (abs)        0005
_PORTB                            (abs)        0006
_PORTC                            (abs)        0007
_PORTD                            (abs)        0008
_PORTE                            (abs)        0009
_T1CON                            (abs)        0010
_TMR1H                            (abs)        000F
_TMR1IE                           (abs)        0460
_TMR1IF                           (abs)        0060
_TMR1L                            (abs)        000E
_TMR1ON                           (abs)        0080
_TRISA                            (abs)        0085
_TRISB                            (abs)        0086
_TRISC                            (abs)        0087
_TRISD                            (abs)        0088
_TRISE                            (abs)        0089
__CFG_BOREN$OFF                   (abs)        0000
__CFG_CP$OFF                      (abs)        0000
__CFG_CPD$OFF                     (abs)        0000
__CFG_FOSC$HS                     (abs)        0000
__CFG_LVP$ON                      (abs)        0000
__CFG_PWRTE$OFF                   (abs)        0000
__CFG_WDTE$OFF                    (abs)        0000
__CFG_WRT$OFF                     (abs)        0000
__Habs1                           abs1         0000
__Hbank0                          bank0        0000
__Hbank1                          bank1        0000
__Hbank2                          bank2        0000
__Hbank3                          bank3        0000
__HbssBANK0                       bssBANK0     0000
__HbssCOMMON                      bssCOMMON    0000
__Hcinit                          cinit        0039
__Hclrtext                        clrtext      0000
__Hcode                           code         0000
__Hcommon                         common       0000
__Hconfig                         config       2008
__HcstackBANK0                    cstackBANK0  0000
__HcstackCOMMON                   cstackCOMMON 0000
__HdataBANK0                      dataBANK0    0000
__HdataBANK1                      dataBANK1    0000
__Heeprom_data                    eeprom_data  0000
__Hend_init                       end_init     000F
__Hfunctab                        functab      0000
__HidataBANK0                     idataBANK0   0000
__HidataBANK1                     idataBANK1   0000
__Hidloc                          idloc        0000
__Hinit                           init         000C
__Hinittext                       inittext     0000
__Hintentry                       intentry     000C
__Hmaintext                       maintext     0000
__Hpowerup                        powerup      0000
__Hram                            ram          0000
__Hreset_vec                      reset_vec    0003
__Hsfr0                           sfr0         0000
__Hsfr1                           sfr1         0000
__Hsfr2                           sfr2         0000
__Hsfr3                           sfr3         0000
__Hspace_0                        (abs)        2008
__Hspace_1                        (abs)        00E8
__Hspace_2                        (abs)        0000
__Hspace_3                        (abs)        0000
__Hstack                          stack        0000
__Hstrings                        strings      0000
__Htext                           text         0000
__Labs1                           abs1         0000
__Lbank0                          bank0        0000
__Lbank1                          bank1        0000
__Lbank2                          bank2        0000
__Lbank3                          bank3        0000
__LbssBANK0                       bssBANK0     0000
__LbssCOMMON                      bssCOMMON    0000
__Lcinit                          cinit        000F
__Lclrtext                        clrtext      0000
__Lcode                           code         0000
__Lcommon                         common       0000
__Lconfig                         config       2007
__LcstackBANK0                    cstackBANK0  0000
__LcstackCOMMON                   cstackCOMMON 0000
__LdataBANK0                      dataBANK0    0000
__LdataBANK1                      dataBANK1    0000
__Leeprom_data                    eeprom_data  0000
__Lend_init                       end_init     000C
__Lfunctab                        functab      0000
__LidataBANK0                     idataBANK0   0000
__LidataBANK1                     idataBANK1   0000
__Lidloc                          idloc        0000
__Linit                           init         000C
__Linittext                       inittext     0000
__Lintentry                       intentry     0004
__Lmaintext                       maintext     0000
__Lpowerup                        powerup      0000
__Lram                            ram          0000
__Lreset_vec                      reset_vec    0000
__Lsfr0                           sfr0         0000
__Lsfr1                           sfr1         0000
__Lsfr2                           sfr2         0000
__Lsfr3                           sfr3         0000
__Lspace_0                        (abs)        0000
__Lspace_1                        (abs)        0000
__Lspace_2                        (abs)        0000
__Lspace_3                        (abs)        0000
__Lstack                          stack        0000
__Lstrings                        strings      0000
__Ltext                           text         0000
__S0                              (abs)        2008
__S1                              (abs)        00E8
__S2                              (abs)        0000
__S3                              (abs)        0000
___awdiv                          text18       0742
___awdiv@counter                  cstackBANK0  0020
___awdiv@dividend                 cstackCOMMON 0075
___awdiv@divisor                  cstackCOMMON 0073
___awdiv@quotient                 cstackBANK0  0022
___awdiv@sign                     cstackBANK0  0021
___awmod                          text17       0F47
___awmod@counter                  cstackBANK0  0020
___awmod@dividend                 cstackCOMMON 0075
___awmod@divisor                  cstackCOMMON 0073
___awmod@sign                     cstackBANK0  0021
___bmul                           text35       0ACC
___bmul@multiplicand              cstackCOMMON 0073
___bmul@multiplier                cstackCOMMON 0076
___bmul@product                   cstackCOMMON 0075
___int_sp                         stack        0000
___latbits                        (abs)        0002
___lwdiv                          text16       0E60
___lwdiv@counter                  cstackBANK0  0020
___lwdiv@dividend                 cstackCOMMON 0075
___lwdiv@divisor                  cstackCOMMON 0073
___lwdiv@quotient                 cstackBANK0  0021
___lwmod                          text15       0DE7
___lwmod@counter                  cstackBANK0  0028
___lwmod@dividend                 cstackBANK0  0025
___lwmod@divisor                  cstackBANK0  0023
___sp                             stack        0000
___stackhi                        (abs)        0000
___stacklo                        (abs)        0000
___wmul                           text2        0C11
___wmul@multiplicand              cstackCOMMON 0075
___wmul@multiplier                cstackCOMMON 0073
___wmul@product                   cstackBANK0  0020
__end_of___awdiv                  text18       07AB
__end_of___awmod                  text17       0FA2
__end_of___bmul                   text35       0AE1
__end_of___lwdiv                  text16       0EA6
__end_of___lwmod                  text15       0E23
__end_of___wmul                   text2        0C3C
__end_of__initialization          cinit        0035
__end_of__stringtab               strings      07B1
__end_of_char_read_pin            text34       1000
__end_of_delay_ms                 text26       0BE9
__end_of_delay_msk                text33       0BC2
__end_of_dpowers                  strings      07BB
__end_of_key_read_keypad          text31       0644
__end_of_main                     maintext     023E
__end_of_sprintf                  text14       0328
__end_of_timer_isr                text36       0AF7
__end_of_void_LCD_init_Command    text23       0B50
__end_of_void_door                text30       0B11
__end_of_void_init_actuators      text28       0D05
__end_of_void_init_keypad         text27       0742
__end_of_void_init_lcd            text21       05B1
__end_of_void_init_pin            text29       0411
__end_of_void_init_sensors        text20       0C11
__end_of_void_init_timer          text19       0CD1
__end_of_void_lcd_clear           text13       0A9E
__end_of_void_lcd_goto            text12       0B2F
__end_of_void_lcd_print           text10       0B75
__end_of_void_lcd_send_command    text22       0DE7
__end_of_void_lcd_send_data       text11       0E60
__end_of_void_microwave_timer     text8        0F47
__end_of_void_operation           text5        0154
__end_of_void_pause               text4        0C9E
__end_of_void_pulse               text25       0B9B
__end_of_void_start               text3        0AB9
__end_of_void_start_heating       text7        0D39
__end_of_void_stop_heating        text6        0C6C
__end_of_void_time_input          text1        06C9
__end_of_void_update_status       text9        0DAB
__end_of_void_write_pin           text32       04FA
__end_of_void_write_port          text24       0D72
__initialization                  cinit        000F
__pbssBANK0                       bssBANK0     0051
__pbssCOMMON                      bssCOMMON    0078
__pcstackBANK0                    cstackBANK0  0020
__pcstackCOMMON                   cstackCOMMON 0070
__pdataBANK0                      dataBANK0    0066
__pdataBANK1                      dataBANK1    00A0
__pidataBANK0                     idataBANK0   07F4
__pidataBANK1                     idataBANK1   0EA6
__pintentry                       intentry     0004
__pmaintext                       maintext     0154
__pstrings                        strings      07AB
__ptext1                          text1        0644
__ptext10                         text10       0B50
__ptext11                         text11       0E23
__ptext12                         text12       0B11
__ptext13                         text13       0A97
__ptext14                         text14       023E
__ptext15                         text15       0DE7
__ptext16                         text16       0E60
__ptext17                         text17       0F47
__ptext18                         text18       0742
__ptext19                         text19       0C9E
__ptext2                          text2        0C11
__ptext20                         text20       0BE9
__ptext21                         text21       04FA
__ptext22                         text22       0DAB
__ptext23                         text23       0B2F
__ptext24                         text24       0D39
__ptext25                         text25       0B75
__ptext26                         text26       0BC2
__ptext27                         text27       06C9
__ptext28                         text28       0CD1
__ptext29                         text29       0328
__ptext3                          text3        0AA6
__ptext30                         text30       0AF7
__ptext31                         text31       05B1
__ptext32                         text32       0411
__ptext33                         text33       0B9B
__ptext34                         text34       0FA2
__ptext35                         text35       0ACC
__ptext36                         text36       0AE1
__ptext4                          text4        0C6C
__ptext5                          text5        0039
__ptext6                          text6        0C3C
__ptext7                          text7        0D05
__ptext8                          text8        0EEE
__ptext9                          text9        0D72
__size_of___awdiv                 (abs)        0000
__size_of___awmod                 (abs)        0000
__size_of___bmul                  (abs)        0000
__size_of___lwdiv                 (abs)        0000
__size_of___lwmod                 (abs)        0000
__size_of___wmul                  (abs)        0000
__size_of_char_read_pin           (abs)        0000
__size_of_delay_ms                (abs)        0000
__size_of_delay_msk               (abs)        0000
__size_of_key_read_keypad         (abs)        0000
__size_of_main                    (abs)        0000
__size_of_sprintf                 (abs)        0000
__size_of_timer_isr               (abs)        0000
__size_of_void_LCD_init_Command   (abs)        0000
__size_of_void_door               (abs)        0000
__size_of_void_init_actuators     (abs)        0000
__size_of_void_init_keypad        (abs)        0000
__size_of_void_init_lcd           (abs)        0000
__size_of_void_init_pin           (abs)        0000
__size_of_void_init_sensors       (abs)        0000
__size_of_void_init_timer         (abs)        0000
__size_of_void_lcd_clear          (abs)        0000
__size_of_void_lcd_goto           (abs)        0000
__size_of_void_lcd_print          (abs)        0000
__size_of_void_lcd_send_command   (abs)        0000
__size_of_void_lcd_send_data      (abs)        0000
__size_of_void_microwave_timer    (abs)        0000
__size_of_void_operation          (abs)        0000
__size_of_void_pause              (abs)        0000
__size_of_void_pulse              (abs)        0000
__size_of_void_start              (abs)        0000
__size_of_void_start_heating      (abs)        0000
__size_of_void_stop_heating       (abs)        0000
__size_of_void_time_input         (abs)        0000
__size_of_void_update_status      (abs)        0000
__size_of_void_write_pin          (abs)        0000
__size_of_void_write_port         (abs)        0000
__stringbase                      strings      07B0
__stringtab                       strings      07AB
_char_read_pin                    text34       0FA2
_columns                          dataBANK0    006A
_count                            bssBANK0     005B
_delay_ms                         text26       0BC2
_delay_msk                        text33       0B9B
_door_flag                        bssCOMMON    007A
_dpowers                          strings      07B1
_k                                bssBANK0     0051
_key_read_keypad                  text31       05B1
_keypad_map                       dataBANK1    00A0
_main                             maintext     0154
_mins                             bssBANK0     0057
_pause_flag                       bssCOMMON    0078
_reset_flag                       bssBANK0     005C
_rows                             dataBANK0    0066
_secs                             bssBANK0     0055
_sprintf                          text14       023E
_start_flag                       bssCOMMON    0079
_text                             dataBANK1    00AC
_text_debug                       bssBANK0     005D
_text_t                           dataBANK1    00DE
_time                             bssBANK0     0062
_time_s                           bssBANK0     0053
_timer_isr                        text36       0AE1
_void_LCD_init_Command            text23       0B2F
_void_door                        text30       0AF7
_void_init_actuators              text28       0CD1
_void_init_keypad                 text27       06C9
_void_init_lcd                    text21       04FA
_void_init_pin                    text29       0328
_void_init_sensors                text20       0BE9
_void_init_timer                  text19       0C9E
_void_lcd_clear                   text13       0A97
_void_lcd_goto                    text12       0B11
_void_lcd_print                   text10       0B50
_void_lcd_send_command            text22       0DAB
_void_lcd_send_data               text11       0E23
_void_microwave_timer             text8        0EEE
_void_operation                   text5        0039
_void_pause                       text4        0C6C
_void_pulse                       text25       0B75
_void_start                       text3        0AA6
_void_start_heating               text7        0D05
_void_stop_heating                text6        0C3C
_void_time_input                  text1        0644
_void_update_status               text9        0D72
_void_write_pin                   text32       0411
_void_write_port                  text24       0D39
btemp                             (abs)        007E
char_read_pin@pinnumber           cstackCOMMON 0073
char_read_pin@portname            cstackCOMMON 0076
clear_ram0                        clrtext      0A9E
delay_ms@i                        cstackBANK0  0020
delay_ms@j                        cstackBANK0  0022
delay_ms@ms_Count                 cstackCOMMON 0073
delay_msk@i                       cstackBANK0  0020
delay_msk@j                       cstackBANK0  0022
delay_msk@ms_Count                cstackCOMMON 0073
end_of_initialization             cinit        0035
init_fetch0                       inittext     0AB9
init_ram0                         inittext     0ABD
interrupt_function                intentry     0004
intlevel0                         functab      0000
intlevel1                         functab      0000
intlevel2                         functab      0000
intlevel3                         functab      0000
intlevel4                         functab      0000
intlevel5                         functab      0000
key_read_keypad@c                 cstackBANK0  0029
key_read_keypad@k                 cstackBANK0  002B
key_read_keypad@r                 cstackBANK0  0027
reset_vec                         reset_vec    0000
saved_w                           (abs)        007E
sprintf@ap                        cstackBANK0  0035
sprintf@c                         cstackBANK0  003B
sprintf@f                         cstackBANK0  0029
sprintf@flag                      cstackBANK0  0036
sprintf@prec                      cstackBANK0  0037
sprintf@sp                        cstackBANK0  003A
sprintf@val                       cstackBANK0  0038
start                             init         000C
start_initialization              cinit        000F
void_LCD_init_Command@command     cstackBANK0  0025
void_init_keypad@x                cstackBANK0  0021
void_init_pin@dir                 cstackCOMMON 0074
void_init_pin@pinnumber           cstackCOMMON 0073
void_init_pin@portname            cstackCOMMON 0077
void_init_timer@I                 cstackCOMMON 0073
void_init_timer@prescaler         cstackBANK0  0022
void_init_timer@timer_H_reg       cstackCOMMON 0074
void_init_timer@timer_L_reg       cstackCOMMON 0076
void_lcd_goto@F869                dataBANK0    006D
void_lcd_goto@lcd_screen_adresses cstackBANK0  0028
void_lcd_goto@x                   cstackBANK0  0027
void_lcd_goto@y                   cstackBANK0  002A
void_lcd_print@i                  cstackBANK0  0028
void_lcd_print@string             cstackBANK0  002A
void_lcd_send_command@command     cstackBANK0  0026
void_lcd_send_data@data           cstackBANK0  0026
void_operation@i                  cstackBANK0  0047
void_operation@i_161              cstackBANK0  0046
void_time_input@arr               cstackBANK0  0024
void_time_input@input             cstackCOMMON 0077
void_write_pin@pinnumber          cstackCOMMON 0073
void_write_pin@portname           cstackCOMMON 0077
void_write_pin@state              cstackCOMMON 0074
void_write_port@pins_dir          cstackCOMMON 0073
void_write_port@portname          cstackCOMMON 0076
wtemp0                            (abs)        007E


FUNCTION INFORMATION:

 *************** function _main *****************
 Defined at:
		line 70 in file "main.c"
 Parameters:    Size  Location     Type
		None
 Auto vars:     Size  Location     Type
		None
 Return value:  Size  Location     Type
                  2   88[None  ] int 
 Registers used:
		wreg, fsr0l, fsr0h, status,2, status,0, btemp+1, pclath, cstack
 Tracked objects:
		On entry : 
		On exit  : 
		Unchanged: 
 Data sizes:     COMMON   BANK0   BANK1   BANK3   BANK2
      Params:         0       0       0       0       0
      Locals:         0       0       0       0       0
      Temps:          0       9       0       0       0
      Totals:         0       9       0       0       0
Total ram usage:        9 bytes
 Hardware stack levels required when called:    8
 This function calls:
		___bmul
		_key_read_keypad
		_sprintf
		_void_door
		_void_init_actuators
		_void_init_keypad
		_void_init_lcd
		_void_init_sensors
		_void_init_timer
		_void_lcd_goto
		_void_lcd_print
		_void_operation
		_void_pause
		_void_start
		_void_time_input
		_void_update_status
 This function is called by:
		Startup code after reset
 This function uses a non-reentrant model


 *************** function _void_time_input *****************
 Defined at:
		line 121 in file "main.c"
 Parameters:    Size  Location     Type
  arr             1    wreg     PTR unsigned char 
		 -> time(4), 
  input           1    7[COMMON] unsigned char 
 Auto vars:     Size  Location     Type
  arr             1    4[BANK0 ] PTR unsigned char 
		 -> time(4), 
 Return value:  Size  Location     Type
                  1    wreg      void 
 Registers used:
		wreg, fsr0l, fsr0h, status,2, status,0, pclath, cstack
 Tracked objects:
		On entry : 
		On exit  : 
		Unchanged: 
 Data sizes:     COMMON   BANK0   BANK1   BANK3   BANK2
      Params:         1       0       0       0       0
      Locals:         0       1       0       0       0
      Temps:          0       2       0       0       0
      Totals:         1       3       0       0       0
Total ram usage:        4 bytes
 Hardware stack levels used:    1
 Hardware stack levels required when called:    2
 This function calls:
		___wmul
 This function is called by:
		_main
 This function uses a non-reentrant model


 *************** function ___wmul *****************
 Defined at:
		line 15 in file "C:\Program Files (x86)\Microchip\xc8\v2.10\pic\sources\c90\common\Umul16.c"
 Parameters:    Size  Location     Type
  multiplier      2    3[COMMON] unsigned int 
  multiplicand    2    5[COMMON] unsigned int 
 Auto vars:     Size  Location     Type
  product         2    0[BANK0 ] unsigned int 
 Return value:  Size  Location     Type
                  2    3[COMMON] unsigned int 
 Registers used:
		wreg, status,2, status,0
 Tracked objects:
		On entry : 
		On exit  : 
		Unchanged: 
 Data sizes:     COMMON   BANK0   BANK1   BANK3   BANK2
      Params:         4       0       0       0       0
      Locals:         0       2       0       0       0
      Temps:          0       0       0       0       0
      Totals:         4       2       0       0       0
Total ram usage:        6 bytes
 Hardware stack levels used:    1
 Hardware stack levels required when called:    1
 This function calls:
		Nothing
 This function is called by:
		_void_time_input
 This function uses a non-reentrant model


 *************** function _void_start *****************
 Defined at:
		line 53 in file "HAL/sensors_and_actuator.c"
 Parameters:    Size  Location     Type
		None
 Auto vars:     Size  Location     Type
		None
 Return value:  Size  Location     Type
                  1    wreg      void 
 Registers used:
		wreg, fsr0l, fsr0h, status,2, status,0, pclath, cstack
 Tracked objects:
		On entry : 
		On exit  : 
		Unchanged: 
 Data sizes:     COMMON   BANK0   BANK1   BANK3   BANK2
      Params:         0       0       0       0       0
      Locals:         0       0       0       0       0
      Temps:          1       0       0       0       0
      Totals:         1       0       0       0       0
Total ram usage:        1 bytes
 Hardware stack levels used:    1
 Hardware stack levels required when called:    2
 This function calls:
		_char_read_pin
 This function is called by:
		_main
 This function uses a non-reentrant model


 *************** function _void_pause *****************
 Defined at:
		line 63 in file "HAL/sensors_and_actuator.c"
 Parameters:    Size  Location     Type
		None
 Auto vars:     Size  Location     Type
		None
 Return value:  Size  Location     Type
                  1    wreg      void 
 Registers used:
		wreg, fsr0l, fsr0h, status,2, status,0, pclath, cstack
 Tracked objects:
		On entry : 
		On exit  : 
		Unchanged: 
 Data sizes:     COMMON   BANK0   BANK1   BANK3   BANK2
      Params:         0       0       0       0       0
      Locals:         0       0       0       0       0
      Temps:          1       0       0       0       0
      Totals:         1       0       0       0       0
Total ram usage:        1 bytes
 Hardware stack levels used:    1
 Hardware stack levels required when called:    2
 This function calls:
		_char_read_pin
 This function is called by:
		_main
 This function uses a non-reentrant model


 *************** function _void_operation *****************
 Defined at:
		line 168 in file "main.c"
 Parameters:    Size  Location     Type
		None
 Auto vars:     Size  Location     Type
  i               1   38[BANK0 ] unsigned char 
  i               1   39[BANK0 ] unsigned char 
 Return value:  Size  Location     Type
                  1    wreg      void 
 Registers used:
		wreg, fsr0l, fsr0h, status,2, status,0, btemp+1, pclath, cstack
 Tracked objects:
		On entry : 
		On exit  : 
		Unchanged: 
 Data sizes:     COMMON   BANK0   BANK1   BANK3   BANK2
      Params:         0       0       0       0       0
      Locals:         0       2       0       0       0
      Temps:          0       9       0       0       0
      Totals:         0      11       0       0       0
Total ram usage:       11 bytes
 Hardware stack levels used:    1
 Hardware stack levels required when called:    7
 This function calls:
		_sprintf
		_void_lcd_goto
		_void_lcd_print
		_void_microwave_timer
		_void_start_heating
		_void_stop_heating
		_void_update_status
 This function is called by:
		_main
 This function uses a non-reentrant model


 *************** function _void_stop_heating *****************
 Defined at:
		line 32 in file "HAL/sensors_and_actuator.c"
 Parameters:    Size  Location     Type
		None
 Auto vars:     Size  Location     Type
		None
 Return value:  Size  Location     Type
                  1    wreg      void 
 Registers used:
		wreg, fsr0l, fsr0h, status,2, status,0, pclath, cstack
 Tracked objects:
		On entry : 
		On exit  : 
		Unchanged: 
 Data sizes:     COMMON   BANK0   BANK1   BANK3   BANK2
      Params:         0       0       0       0       0
      Locals:         0       0       0       0       0
      Temps:          0       1       0       0       0
      Totals:         0       1       0       0       0
Total ram usage:        1 bytes
 Hardware stack levels used:    1
 Hardware stack levels required when called:    2
 This function calls:
		_void_write_pin
 This function is called by:
		_void_operation
 This function uses a non-reentrant model


 *************** function _void_start_heating *****************
 Defined at:
		line 20 in file "HAL/sensors_and_actuator.c"
 Parameters:    Size  Location     Type
		None
 Auto vars:     Size  Location     Type
		None
 Return value:  Size  Location     Type
                  1    wreg      void 
 Registers used:
		wreg, fsr0l, fsr0h, status,2, status,0, pclath, cstack
 Tracked objects:
		On entry : 
		On exit  : 
		Unchanged: 
 Data sizes:     COMMON   BANK0   BANK1   BANK3   BANK2
      Params:         0       0       0       0       0
      Locals:         0       0       0       0       0
      Temps:          0       1       0       0       0
      Totals:         0       1       0       0       0
Total ram usage:        1 bytes
 Hardware stack levels used:    1
 Hardware stack levels required when called:    2
 This function calls:
		_void_write_pin
 This function is called by:
		_void_operation
 This function uses a non-reentrant model


 *************** function _void_microwave_timer *****************
 Defined at:
		line 136 in file "main.c"
 Parameters:    Size  Location     Type
		None
 Auto vars:     Size  Location     Type
		None
 Return value:  Size  Location     Type
                  1    wreg      void 
 Registers used:
		wreg, fsr0l, fsr0h, status,2, status,0, btemp+1, pclath, cstack
 Tracked objects:
		On entry : 
		On exit  : 
		Unchanged: 
 Data sizes:     COMMON   BANK0   BANK1   BANK3   BANK2
      Params:         0       0       0       0       0
      Locals:         0       0       0       0       0
      Temps:          0       1       0       0       0
      Totals:         0       1       0       0       0
Total ram usage:        1 bytes
 Hardware stack levels used:    1
 Hardware stack levels required when called:    6
 This function calls:
		___awdiv
		___awmod
		_sprintf
		_void_update_status
 This function is called by:
		_void_operation
 This function uses a non-reentrant model


 *************** function _void_update_status *****************
 Defined at:
		line 155 in file "main.c"
 Parameters:    Size  Location     Type
		None
 Auto vars:     Size  Location     Type
		None
 Return value:  Size  Location     Type
                  1    wreg      void 
 Registers used:
		wreg, fsr0l, fsr0h, status,2, status,0, pclath, cstack
 Tracked objects:
		On entry : 
		On exit  : 
		Unchanged: 
 Data sizes:     COMMON   BANK0   BANK1   BANK3   BANK2
      Params:         0       0       0       0       0
      Locals:         0       0       0       0       0
      Temps:          0       3       0       0       0
      Totals:         0       3       0       0       0
Total ram usage:        3 bytes
 Hardware stack levels used:    1
 Hardware stack levels required when called:    5
 This function calls:
		_void_lcd_clear
		_void_lcd_goto
		_void_lcd_print
 This function is called by:
		_main
		_void_microwave_timer
		_void_operation
 This function uses a non-reentrant model


 *************** function _void_lcd_print *****************
 Defined at:
		line 63 in file "HAL/LCD.c"
 Parameters:    Size  Location     Type
  string          1    wreg     PTR unsigned char 
		 -> text(50), text_debug(5), text_t(10), 
 Auto vars:     Size  Location     Type
  string          1   10[BANK0 ] PTR unsigned char 
		 -> text(50), text_debug(5), text_t(10), 
  i               2    8[BANK0 ] int 
 Return value:  Size  Location     Type
                  1    wreg      void 
 Registers used:
		wreg, fsr0l, fsr0h, status,2, status,0, pclath, cstack
 Tracked objects:
		On entry : 
		On exit  : 
		Unchanged: 
 Data sizes:     COMMON   BANK0   BANK1   BANK3   BANK2
      Params:         0       0       0       0       0
      Locals:         0       3       0       0       0
      Temps:          0       1       0       0       0
      Totals:         0       4       0       0       0
Total ram usage:        4 bytes
 Hardware stack levels used:    1
 Hardware stack levels required when called:    4
 This function calls:
		_void_lcd_send_data
 This function is called by:
		_main
		_void_update_status
		_void_operation
 This function uses a non-reentrant model


 *************** function _void_lcd_send_data *****************
 Defined at:
		line 51 in file "HAL/LCD.c"
 Parameters:    Size  Location     Type
  data            1    wreg     unsigned char 
 Auto vars:     Size  Location     Type
  data            1    6[BANK0 ] unsigned char 
 Return value:  Size  Location     Type
                  1    wreg      void 
 Registers used:
		wreg, fsr0l, fsr0h, status,2, status,0, pclath, cstack
 Tracked objects:
		On entry : 
		On exit  : 
		Unchanged: 
 Data sizes:     COMMON   BANK0   BANK1   BANK3   BANK2
      Params:         0       0       0       0       0
      Locals:         0       1       0       0       0
      Temps:          0       2       0       0       0
      Totals:         0       3       0       0       0
Total ram usage:        3 bytes
 Hardware stack levels used:    1
 Hardware stack levels required when called:    3
 This function calls:
		_void_pulse
		_void_write_pin
		_void_write_port
 This function is called by:
		_void_lcd_print
 This function uses a non-reentrant model


 *************** function _void_lcd_goto *****************
 Defined at:
		line 79 in file "HAL/LCD.c"
 Parameters:    Size  Location     Type
  y               1    wreg     unsigned char 
  x               1    7[BANK0 ] unsigned char 
 Auto vars:     Size  Location     Type
  y               1   10[BANK0 ] unsigned char 
  lcd_screen_a    2    8[BANK0 ] unsigned char [2]
 Return value:  Size  Location     Type
                  1    wreg      void 
 Registers used:
		wreg, fsr0l, fsr0h, status,2, status,0, pclath, cstack
 Tracked objects:
		On entry : 
		On exit  : 
		Unchanged: 
 Data sizes:     COMMON   BANK0   BANK1   BANK3   BANK2
      Params:         0       1       0       0       0
      Locals:         0       3       0       0       0
      Temps:          0       0       0       0       0
      Totals:         0       4       0       0       0
Total ram usage:        4 bytes
 Hardware stack levels used:    1
 Hardware stack levels required when called:    4
 This function calls:
		_delay_ms
		_void_lcd_send_command
 This function is called by:
		_main
		_void_update_status
		_void_operation
 This function uses a non-reentrant model


 *************** function _void_lcd_clear *****************
 Defined at:
		line 75 in file "HAL/LCD.c"
 Parameters:    Size  Location     Type
		None
 Auto vars:     Size  Location     Type
		None
 Return value:  Size  Location     Type
                  1    wreg      void 
 Registers used:
		wreg, fsr0l, fsr0h, status,2, status,0, pclath, cstack
 Tracked objects:
		On entry : 
		On exit  : 
		Unchanged: 
 Data sizes:     COMMON   BANK0   BANK1   BANK3   BANK2
      Params:         0       0       0       0       0
      Locals:         0       0       0       0       0
      Temps:          0       0       0       0       0
      Totals:         0       0       0       0       0
Total ram usage:        0 bytes
 Hardware stack levels used:    1
 Hardware stack levels required when called:    4
 This function calls:
		_void_lcd_send_command
 This function is called by:
		_void_update_status
 This function uses a non-reentrant model


 *************** function _sprintf *****************
 Defined at:
		line 505 in file "C:\Program Files (x86)\Microchip\xc8\v2.10\pic\sources\c90\common\doprnt.c"
 Parameters:    Size  Location     Type
  sp              1    wreg     PTR unsigned char 
		 -> text(50), text_debug(5), text_t(10), 
  f               1    9[BANK0 ] PTR const unsigned char 
		 -> STR_9(10), STR_8(5), STR_7(5), STR_6(10), 
		 -> STR_5(10), STR_4(14), STR_3(6), STR_2(7), 
		 -> STR_1(10), 
 Auto vars:     Size  Location     Type
  sp              1   26[BANK0 ] PTR unsigned char 
		 -> text(50), text_debug(5), text_t(10), 
  tmpval          4    0        struct .
  val             2   24[BANK0 ] unsigned int 
  cp              2    0        PTR const unsigned char 
  len             2    0        unsigned int 
  c               1   27[BANK0 ] unsigned char 
  prec            1   23[BANK0 ] char 
  flag            1   22[BANK0 ] unsigned char 
  ap              1   21[BANK0 ] PTR void [1]
		 -> ?_sprintf(2), 
 Return value:  Size  Location     Type
                  2    9[BANK0 ] int 
 Registers used:
		wreg, fsr0l, fsr0h, status,2, status,0, btemp+1, pclath, cstack
 Tracked objects:
		On entry : 
		On exit  : 
		Unchanged: 
 Data sizes:     COMMON   BANK0   BANK1   BANK3   BANK2
      Params:         0       9       0       0       0
      Locals:         0       7       0       0       0
      Temps:          0       3       0       0       0
      Totals:         0      19       0       0       0
Total ram usage:       19 bytes
 Hardware stack levels used:    1
 Hardware stack levels required when called:    2
 This function calls:
		___lwdiv
		___lwmod
 This function is called by:
		_main
		_void_microwave_timer
		_void_operation
 This function uses a non-reentrant model


 *************** function ___lwmod *****************
 Defined at:
		line 5 in file "C:\Program Files (x86)\Microchip\xc8\v2.10\pic\sources\c90\common\lwmod.c"
 Parameters:    Size  Location     Type
  divisor         2    3[BANK0 ] unsigned int 
  dividend        2    5[BANK0 ] unsigned int 
 Auto vars:     Size  Location     Type
  counter         1    8[BANK0 ] unsigned char 
 Return value:  Size  Location     Type
                  2    3[BANK0 ] unsigned int 
 Registers used:
		wreg, status,2, status,0
 Tracked objects:
		On entry : 
		On exit  : 
		Unchanged: 
 Data sizes:     COMMON   BANK0   BANK1   BANK3   BANK2
      Params:         0       4       0       0       0
      Locals:         0       1       0       0       0
      Temps:          0       1       0       0       0
      Totals:         0       6       0       0       0
Total ram usage:        6 bytes
 Hardware stack levels used:    1
 Hardware stack levels required when called:    1
 This function calls:
		Nothing
 This function is called by:
		_sprintf
 This function uses a non-reentrant model


 *************** function ___lwdiv *****************
 Defined at:
		line 5 in file "C:\Program Files (x86)\Microchip\xc8\v2.10\pic\sources\c90\common\lwdiv.c"
 Parameters:    Size  Location     Type
  divisor         2    3[COMMON] unsigned int 
  dividend        2    5[COMMON] unsigned int 
 Auto vars:     Size  Location     Type
  quotient        2    1[BANK0 ] unsigned int 
  counter         1    0[BANK0 ] unsigned char 
 Return value:  Size  Location     Type
                  2    3[COMMON] unsigned int 
 Registers used:
		wreg, status,2, status,0
 Tracked objects:
		On entry : 
		On exit  : 
		Unchanged: 
 Data sizes:     COMMON   BANK0   BANK1   BANK3   BANK2
      Params:         4       0       0       0       0
      Locals:         0       3       0       0       0
      Temps:          1       0       0       0       0
      Totals:         5       3       0       0       0
Total ram usage:        8 bytes
 Hardware stack levels used:    1
 Hardware stack levels required when called:    1
 This function calls:
		Nothing
 This function is called by:
		_sprintf
 This function uses a non-reentrant model


 *************** function ___awmod *****************
 Defined at:
		line 5 in file "C:\Program Files (x86)\Microchip\xc8\v2.10\pic\sources\c90\common\awmod.c"
 Parameters:    Size  Location     Type
  divisor         2    3[COMMON] int 
  dividend        2    5[COMMON] int 
 Auto vars:     Size  Location     Type
  sign            1    1[BANK0 ] unsigned char 
  counter         1    0[BANK0 ] unsigned char 
 Return value:  Size  Location     Type
                  2    3[COMMON] int 
 Registers used:
		wreg, status,2, status,0
 Tracked objects:
		On entry : 
		On exit  : 
		Unchanged: 
 Data sizes:     COMMON   BANK0   BANK1   BANK3   BANK2
      Params:         4       0       0       0       0
      Locals:         0       2       0       0       0
      Temps:          1       0       0       0       0
      Totals:         5       2       0       0       0
Total ram usage:        7 bytes
 Hardware stack levels used:    1
 Hardware stack levels required when called:    1
 This function calls:
		Nothing
 This function is called by:
		_void_microwave_timer
 This function uses a non-reentrant model


 *************** function ___awdiv *****************
 Defined at:
		line 5 in file "C:\Program Files (x86)\Microchip\xc8\v2.10\pic\sources\c90\common\awdiv.c"
 Parameters:    Size  Location     Type
  divisor         2    3[COMMON] int 
  dividend        2    5[COMMON] int 
 Auto vars:     Size  Location     Type
  quotient        2    2[BANK0 ] int 
  sign            1    1[BANK0 ] unsigned char 
  counter         1    0[BANK0 ] unsigned char 
 Return value:  Size  Location     Type
                  2    3[COMMON] int 
 Registers used:
		wreg, status,2, status,0
 Tracked objects:
		On entry : 
		On exit  : 
		Unchanged: 
 Data sizes:     COMMON   BANK0   BANK1   BANK3   BANK2
      Params:         4       0       0       0       0
      Locals:         0       4       0       0       0
      Temps:          1       0       0       0       0
      Totals:         5       4       0       0       0
Total ram usage:        9 bytes
 Hardware stack levels used:    1
 Hardware stack levels required when called:    1
 This function calls:
		Nothing
 This function is called by:
		_void_microwave_timer
 This function uses a non-reentrant model


 *************** function _void_init_timer *****************
 Defined at:
		line 8 in file "MCAL/TIMER1.c"
 Parameters:    Size  Location     Type
  prescaler       1    wreg     unsigned char 
  I               1    3[COMMON] unsigned char 
  timer_H_reg     2    4[COMMON] int 
  timer_L_reg     2    6[COMMON] int 
 Auto vars:     Size  Location     Type
  prescaler       1    2[BANK0 ] unsigned char 
 Return value:  Size  Location     Type
                  1    wreg      void 
 Registers used:
		wreg, fsr0l, fsr0h, status,2, status,0
 Tracked objects:
		On entry : 
		On exit  : 
		Unchanged: 
 Data sizes:     COMMON   BANK0   BANK1   BANK3   BANK2
      Params:         5       0       0       0       0
      Locals:         0       1       0       0       0
      Temps:          0       2       0       0       0
      Totals:         5       3       0       0       0
Total ram usage:        8 bytes
 Hardware stack levels used:    1
 Hardware stack levels required when called:    1
 This function calls:
		Nothing
 This function is called by:
		_main
 This function uses a non-reentrant model


 *************** function _void_init_sensors *****************
 Defined at:
		line 3 in file "HAL/sensors_and_actuator.c"
 Parameters:    Size  Location     Type
		None
 Auto vars:     Size  Location     Type
		None
 Return value:  Size  Location     Type
                  1    wreg      void 
 Registers used:
		wreg, fsr0l, fsr0h, status,2, status,0, pclath, cstack
 Tracked objects:
		On entry : 
		On exit  : 
		Unchanged: 
 Data sizes:     COMMON   BANK0   BANK1   BANK3   BANK2
      Params:         0       0       0       0       0
      Locals:         0       0       0       0       0
      Temps:          0       1       0       0       0
      Totals:         0       1       0       0       0
Total ram usage:        1 bytes
 Hardware stack levels used:    1
 Hardware stack levels required when called:    2
 This function calls:
		_void_init_pin
 This function is called by:
		_main
 This function uses a non-reentrant model


 *************** function _void_init_lcd *****************
 Defined at:
		line 13 in file "HAL/LCD.c"
 Parameters:    Size  Location     Type
		None
 Auto vars:     Size  Location     Type
		None
 Return value:  Size  Location     Type
                  1    wreg      void 
 Registers used:
		wreg, fsr0l, fsr0h, status,2, status,0, pclath, cstack
 Tracked objects:
		On entry : 
		On exit  : 
		Unchanged: 
 Data sizes:     COMMON   BANK0   BANK1   BANK3   BANK2
      Params:         0       0       0       0       0
      Locals:         0       0       0       0       0
      Temps:          0       1       0       0       0
      Totals:         0       1       0       0       0
Total ram usage:        1 bytes
 Hardware stack levels used:    1
 Hardware stack levels required when called:    4
 This function calls:
		_delay_ms
		_void_LCD_init_Command
		_void_init_pin
		_void_lcd_send_command
 This function is called by:
		_main
 This function uses a non-reentrant model


 *************** function _void_lcd_send_command *****************
 Defined at:
		line 41 in file "HAL/LCD.c"
 Parameters:    Size  Location     Type
  command         1    wreg     unsigned char 
 Auto vars:     Size  Location     Type
  command         1    6[BANK0 ] unsigned char 
 Return value:  Size  Location     Type
                  1    wreg      void 
 Registers used:
		wreg, fsr0l, fsr0h, status,2, status,0, pclath, cstack
 Tracked objects:
		On entry : 
		On exit  : 
		Unchanged: 
 Data sizes:     COMMON   BANK0   BANK1   BANK3   BANK2
      Params:         0       0       0       0       0
      Locals:         0       1       0       0       0
      Temps:          0       2       0       0       0
      Totals:         0       3       0       0       0
Total ram usage:        3 bytes
 Hardware stack levels used:    1
 Hardware stack levels required when called:    3
 This function calls:
		_void_pulse
		_void_write_pin
		_void_write_port
 This function is called by:
		_void_init_lcd
		_void_lcd_clear
		_void_lcd_goto
 This function uses a non-reentrant model


 *************** function _void_LCD_init_Command *****************
 Defined at:
		line 101 in file "HAL/LCD.c"
 Parameters:    Size  Location     Type
  command         1    wreg     unsigned char 
 Auto vars:     Size  Location     Type
  command         1    5[BANK0 ] unsigned char 
 Return value:  Size  Location     Type
                  1    wreg      void 
 Registers used:
		wreg, fsr0l, fsr0h, status,2, status,0, pclath, cstack
 Tracked objects:
		On entry : 
		On exit  : 
		Unchanged: 
 Data sizes:     COMMON   BANK0   BANK1   BANK3   BANK2
      Params:         0       0       0       0       0
      Locals:         0       1       0       0       0
      Temps:          0       1       0       0       0
      Totals:         0       2       0       0       0
Total ram usage:        2 bytes
 Hardware stack levels used:    1
 Hardware stack levels required when called:    3
 This function calls:
		_void_pulse
		_void_write_pin
		_void_write_port
 This function is called by:
		_void_init_lcd
 This function uses a non-reentrant model


 *************** function _void_write_port *****************
 Defined at:
		line 121 in file "MCAL/DIO.c"
 Parameters:    Size  Location     Type
  portname        1    wreg     unsigned char 
  pins_dir        1    3[COMMON] unsigned char 
 Auto vars:     Size  Location     Type
  portname        1    6[COMMON] unsigned char 
 Return value:  Size  Location     Type
                  1    wreg      void 
 Registers used:
		wreg, fsr0l, fsr0h, status,2, status,0
 Tracked objects:
		On entry : 
		On exit  : 
		Unchanged: 
 Data sizes:     COMMON   BANK0   BANK1   BANK3   BANK2
      Params:         1       0       0       0       0
      Locals:         1       0       0       0       0
      Temps:          2       0       0       0       0
      Totals:         4       0       0       0       0
Total ram usage:        4 bytes
 Hardware stack levels used:    1
 Hardware stack levels required when called:    1
 This function calls:
		Nothing
 This function is called by:
		_void_lcd_send_command
		_void_lcd_send_data
		_void_LCD_init_Command
 This function uses a non-reentrant model


 *************** function _void_pulse *****************
 Defined at:
		line 90 in file "HAL/LCD.c"
 Parameters:    Size  Location     Type
		None
 Auto vars:     Size  Location     Type
		None
 Return value:  Size  Location     Type
                  1    wreg      void 
 Registers used:
		wreg, fsr0l, fsr0h, status,2, status,0, pclath, cstack
 Tracked objects:
		On entry : 
		On exit  : 
		Unchanged: 
 Data sizes:     COMMON   BANK0   BANK1   BANK3   BANK2
      Params:         0       0       0       0       0
      Locals:         0       0       0       0       0
      Temps:          0       0       0       0       0
      Totals:         0       0       0       0       0
Total ram usage:        0 bytes
 Hardware stack levels used:    1
 Hardware stack levels required when called:    2
 This function calls:
		_delay_ms
		_void_write_pin
 This function is called by:
		_void_lcd_send_command
		_void_lcd_send_data
		_void_LCD_init_Command
 This function uses a non-reentrant model


 *************** function _delay_ms *****************
 Defined at:
		line 115 in file "HAL/LCD.c"
 Parameters:    Size  Location     Type
  ms_Count        2    3[COMMON] unsigned int 
 Auto vars:     Size  Location     Type
  j               2    2[BANK0 ] unsigned int 
  i               2    0[BANK0 ] unsigned int 
 Return value:  Size  Location     Type
                  1    wreg      void 
 Registers used:
		wreg, status,2
 Tracked objects:
		On entry : 
		On exit  : 
		Unchanged: 
 Data sizes:     COMMON   BANK0   BANK1   BANK3   BANK2
      Params:         2       0       0       0       0
      Locals:         0       4       0       0       0
      Temps:          0       0       0       0       0
      Totals:         2       4       0       0       0
Total ram usage:        6 bytes
 Hardware stack levels used:    1
 Hardware stack levels required when called:    1
 This function calls:
		Nothing
 This function is called by:
		_void_init_lcd
		_void_lcd_goto
		_void_pulse
 This function uses a non-reentrant model


 *************** function _void_init_keypad *****************
 Defined at:
		line 23 in file "HAL/Keypad.c"
 Parameters:    Size  Location     Type
		None
 Auto vars:     Size  Location     Type
  x               2    1[BANK0 ] int 
 Return value:  Size  Location     Type
                  1    wreg      void 
 Registers used:
		wreg, fsr0l, fsr0h, status,2, status,0, btemp+1, pclath, cstack
 Tracked objects:
		On entry : 
		On exit  : 
		Unchanged: 
 Data sizes:     COMMON   BANK0   BANK1   BANK3   BANK2
      Params:         0       0       0       0       0
      Locals:         0       2       0       0       0
      Temps:          0       1       0       0       0
      Totals:         0       3       0       0       0
Total ram usage:        3 bytes
 Hardware stack levels used:    1
 Hardware stack levels required when called:    2
 This function calls:
		_void_init_pin
		_void_write_pin
 This function is called by:
		_main
 This function uses a non-reentrant model


 *************** function _void_init_actuators *****************
 Defined at:
		line 11 in file "HAL/sensors_and_actuator.c"
 Parameters:    Size  Location     Type
		None
 Auto vars:     Size  Location     Type
		None
 Return value:  Size  Location     Type
                  1    wreg      void 
 Registers used:
		wreg, fsr0l, fsr0h, status,2, status,0, pclath, cstack
 Tracked objects:
		On entry : 
		On exit  : 
		Unchanged: 
 Data sizes:     COMMON   BANK0   BANK1   BANK3   BANK2
      Params:         0       0       0       0       0
      Locals:         0       0       0       0       0
      Temps:          0       1       0       0       0
      Totals:         0       1       0       0       0
Total ram usage:        1 bytes
 Hardware stack levels used:    1
 Hardware stack levels required when called:    2
 This function calls:
		_void_init_pin
 This function is called by:
		_main
 This function uses a non-reentrant model


 *************** function _void_init_pin *****************
 Defined at:
		line 6 in file "MCAL/DIO.c"
 Parameters:    Size  Location     Type
  portname        1    wreg     unsigned char 
  pinnumber       1    3[COMMON] unsigned char 
  dir             1    4[COMMON] unsigned char 
 Auto vars:     Size  Location     Type
  portname        1    7[COMMON] unsigned char 
 Return value:  Size  Location     Type
                  1    wreg      void 
 Registers used:
		wreg, fsr0l, fsr0h, status,2, status,0
 Tracked objects:
		On entry : 
		On exit  : 
		Unchanged: 
 Data sizes:     COMMON   BANK0   BANK1   BANK3   BANK2
      Params:         2       0       0       0       0
      Locals:         1       0       0       0       0
      Temps:          2       0       0       0       0
      Totals:         5       0       0       0       0
Total ram usage:        5 bytes
 Hardware stack levels used:    1
 Hardware stack levels required when called:    1
 This function calls:
		Nothing
 This function is called by:
		_void_init_lcd
		_void_init_keypad
		_void_init_sensors
		_void_init_actuators
 This function uses a non-reentrant model


 *************** function _void_door *****************
 Defined at:
		line 43 in file "HAL/sensors_and_actuator.c"
 Parameters:    Size  Location     Type
		None
 Auto vars:     Size  Location     Type
		None
 Return value:  Size  Location     Type
                  1    wreg      void 
 Registers used:
		wreg, fsr0l, fsr0h, status,2, status,0, pclath, cstack
 Tracked objects:
		On entry : 
		On exit  : 
		Unchanged: 
 Data sizes:     COMMON   BANK0   BANK1   BANK3   BANK2
      Params:         0       0       0       0       0
      Locals:         0       0       0       0       0
      Temps:          1       0       0       0       0
      Totals:         1       0       0       0       0
Total ram usage:        1 bytes
 Hardware stack levels used:    1
 Hardware stack levels required when called:    2
 This function calls:
		_char_read_pin
 This function is called by:
		_main
 This function uses a non-reentrant model


 *************** function _key_read_keypad *****************
 Defined at:
		line 76 in file "HAL/Keypad.c"
 Parameters:    Size  Location     Type
		None
 Auto vars:     Size  Location     Type
  k               2   11[BANK0 ] struct .
  c               2    9[BANK0 ] int 
  r               2    7[BANK0 ] int 
 Return value:  Size  Location     Type
                  2    4[BANK0 ] struct .
 Registers used:
		wreg, fsr0l, fsr0h, status,2, status,0, btemp+1, pclath, cstack
 Tracked objects:
		On entry : 
		On exit  : 
		Unchanged: 
 Data sizes:     COMMON   BANK0   BANK1   BANK3   BANK2
      Params:         0       2       0       0       0
      Locals:         0       6       0       0       0
      Temps:          0       1       0       0       0
      Totals:         0       9       0       0       0
Total ram usage:        9 bytes
 Hardware stack levels used:    1
 Hardware stack levels required when called:    2
 This function calls:
		_char_read_pin
		_delay_msk
		_void_write_pin
 This function is called by:
		_main
 This function uses a non-reentrant model


 *************** function _void_write_pin *****************
 Defined at:
		line 50 in file "MCAL/DIO.c"
 Parameters:    Size  Location     Type
  portname        1    wreg     unsigned char 
  pinnumber       1    3[COMMON] unsigned char 
  state           1    4[COMMON] unsigned char 
 Auto vars:     Size  Location     Type
  portname        1    7[COMMON] unsigned char 
 Return value:  Size  Location     Type
                  1    wreg      void 
 Registers used:
		wreg, fsr0l, fsr0h, status,2, status,0
 Tracked objects:
		On entry : 
		On exit  : 
		Unchanged: 
 Data sizes:     COMMON   BANK0   BANK1   BANK3   BANK2
      Params:         2       0       0       0       0
      Locals:         1       0       0       0       0
      Temps:          2       0       0       0       0
      Totals:         5       0       0       0       0
Total ram usage:        5 bytes
 Hardware stack levels used:    1
 Hardware stack levels required when called:    1
 This function calls:
		Nothing
 This function is called by:
		_void_lcd_send_command
		_void_lcd_send_data
		_void_pulse
		_void_LCD_init_Command
		_void_init_keypad
		_key_read_keypad
		_void_start_heating
		_void_stop_heating
 This function uses a non-reentrant model


 *************** function _delay_msk *****************
 Defined at:
		line 119 in file "HAL/Keypad.c"
 Parameters:    Size  Location     Type
  ms_Count        2    3[COMMON] unsigned int 
 Auto vars:     Size  Location     Type
  j               2    2[BANK0 ] unsigned int 
  i               2    0[BANK0 ] unsigned int 
 Return value:  Size  Location     Type
                  1    wreg      void 
 Registers used:
		wreg, status,2
 Tracked objects:
		On entry : 
		On exit  : 
		Unchanged: 
 Data sizes:     COMMON   BANK0   BANK1   BANK3   BANK2
      Params:         2       0       0       0       0
      Locals:         0       4       0       0       0
      Temps:          0       0       0       0       0
      Totals:         2       4       0       0       0
Total ram usage:        6 bytes
 Hardware stack levels used:    1
 Hardware stack levels required when called:    1
 This function calls:
		Nothing
 This function is called by:
		_key_read_keypad
 This function uses a non-reentrant model


 *************** function _char_read_pin *****************
 Defined at:
		line 146 in file "MCAL/DIO.c"
 Parameters:    Size  Location     Type
  portname        1    wreg     unsigned char 
  pinnumber       1    3[COMMON] unsigned char 
 Auto vars:     Size  Location     Type
  portname        1    6[COMMON] unsigned char 
 Return value:  Size  Location     Type
                  1    wreg      unsigned char 
 Registers used:
		wreg, fsr0l, fsr0h, status,2, status,0
 Tracked objects:
		On entry : 
		On exit  : 
		Unchanged: 
 Data sizes:     COMMON   BANK0   BANK1   BANK3   BANK2
      Params:         1       0       0       0       0
      Locals:         1       0       0       0       0
      Temps:          2       0       0       0       0
      Totals:         4       0       0       0       0
Total ram usage:        4 bytes
 Hardware stack levels used:    1
 Hardware stack levels required when called:    1
 This function calls:
		Nothing
 This function is called by:
		_key_read_keypad
		_void_door
		_void_start
		_void_pause
 This function uses a non-reentrant model


 *************** function ___bmul *****************
 Defined at:
		line 4 in file "C:\Program Files (x86)\Microchip\xc8\v2.10\pic\sources\c90\common\Umul8.c"
 Parameters:    Size  Location     Type
  multiplier      1    wreg     unsigned char 
  multiplicand    1    3[COMMON] unsigned char 
 Auto vars:     Size  Location     Type
  multiplier      1    6[COMMON] unsigned char 
  product         1    5[COMMON] unsigned char 
 Return value:  Size  Location     Type
                  1    wreg      unsigned char 
 Registers used:
		wreg, status,2, status,0
 Tracked objects:
		On entry : 
		On exit  : 
		Unchanged: 
 Data sizes:     COMMON   BANK0   BANK1   BANK3   BANK2
      Params:         1       0       0       0       0
      Locals:         2       0       0       0       0
      Temps:          1       0       0       0       0
      Totals:         4       0       0       0       0
Total ram usage:        4 bytes
 Hardware stack levels used:    1
 Hardware stack levels required when called:    1
 This function calls:
		Nothing
 This function is called by:
		_main
 This function uses a non-reentrant model


 *************** function _timer_isr *****************
 Defined at:
		line 55 in file "main.c"
 Parameters:    Size  Location     Type
		None
 Auto vars:     Size  Location     Type
		None
 Return value:  Size  Location     Type
                  1    wreg      void 
 Registers used:
		wreg, status,2, status,0
 Tracked objects:
		On entry : 
		On exit  : 
		Unchanged: 
 Data sizes:     COMMON   BANK0   BANK1   BANK3   BANK2
      Params:         0       0       0       0       0
      Locals:         0       0       0       0       0
      Temps:          3       0       0       0       0
      Totals:         3       0       0       0       0
Total ram usage:        3 bytes
 Hardware stack levels used:    1
 This function calls:
		Nothing
 This function is called by:
		Interrupt level 1
 This function uses a non-reentrant model



MODULE INFORMATION

Module		Function		Class		Link	Load	Size
C:\Program Files (x86)\Microchip\xc8\v2.10\pic\sources\c90\common\lwdiv.c
		___lwdiv       		CODE           	0E60	0000	71

C:\Program Files (x86)\Microchip\xc8\v2.10\pic\sources\c90\common\lwdiv.c estimated size: 71

C:\Program Files (x86)\Microchip\xc8\v2.10\pic\sources\c90\common\awdiv.c
		___awdiv       		CODE           	0742	0000	106

C:\Program Files (x86)\Microchip\xc8\v2.10\pic\sources\c90\common\awdiv.c estimated size: 106

MCAL/DIO.c
		_void_init_pin 		CODE           	0328	0000	234
		_void_write_port		CODE           	0D39	0000	58
		_char_read_pin 		CODE           	0FA2	0000	95
		_void_write_pin		CODE           	0411	0000	234

MCAL/DIO.c estimated size: 621

C:\Program Files (x86)\Microchip\xc8\v2.10\pic\sources\c90\common\Umul16.c
		___wmul        		CODE           	0C11	0000	44

C:\Program Files (x86)\Microchip\xc8\v2.10\pic\sources\c90\common\Umul16.c estimated size: 44

C:\Program Files (x86)\Microchip\xc8\v2.10\pic\sources\c90\common\Umul8.c
		___bmul        		CODE           	0ACC	0000	22

C:\Program Files (x86)\Microchip\xc8\v2.10\pic\sources\c90\common\Umul8.c estimated size: 22

HAL/LCD.c
		_void_init_lcd 		CODE           	04FA	0000	184
		_void_pulse    		CODE           	0B75	0000	39
		_void_lcd_goto 		CODE           	0B11	0000	31
		_void_lcd_clear		CODE           	0A97	0000	8
		_void_lcd_print		CODE           	0B50	0000	38
		_delay_ms      		CODE           	0BC2	0000	40
		_void_LCD_init_Command		CODE           	0B2F	0000	34
		_void_lcd_send_data		CODE           	0E23	0000	62
		_void_lcd_send_command		CODE           	0DAB	0000	61

HAL/LCD.c estimated size: 497

HAL/Keypad.c
		_void_init_keypad		CODE           	06C9	0000	122
		_key_read_keypad		CODE           	05B1	0000	148
		_delay_msk     		CODE           	0B9B	0000	40

HAL/Keypad.c estimated size: 310

shared
		__stringtab    		STRING         	07AB	0000	7
		_dpowers       		STRING         	07B1	0000	11
		__initialization		CODE           	000F	0000	39

shared estimated size: 57

C:\Program Files (x86)\Microchip\xc8\v2.10\pic\sources\c90\common\lwmod.c
		___lwmod       		CODE           	0DE7	0000	61

C:\Program Files (x86)\Microchip\xc8\v2.10\pic\sources\c90\common\lwmod.c estimated size: 61

C:\Program Files (x86)\Microchip\xc8\v2.10\pic\sources\c90\common\awmod.c
		___awmod       		CODE           	0F47	0000	92

C:\Program Files (x86)\Microchip\xc8\v2.10\pic\sources\c90\common\awmod.c estimated size: 92

MCAL/TIMER1.c
		_void_init_timer		CODE           	0C9E	0000	52

MCAL/TIMER1.c estimated size: 52

HAL/sensors_and_actuator.c
		_void_start_heating		CODE           	0D05	0000	53
		_void_init_sensors		CODE           	0BE9	0000	41
		_void_pause    		CODE           	0C6C	0000	51
		_void_start    		CODE           	0AA6	0000	20
		_void_init_actuators		CODE           	0CD1	0000	53
		_void_stop_heating		CODE           	0C3C	0000	49
		_void_door     		CODE           	0AF7	0000	27

HAL/sensors_and_actuator.c estimated size: 294

C:\Program Files (x86)\Microchip\xc8\v2.10\pic\sources\c90\common\doprnt.c
		_sprintf       		CODE           	023E	0000	235

C:\Program Files (x86)\Microchip\xc8\v2.10\pic\sources\c90\common\doprnt.c estimated size: 235

main.c
		_main          		CODE           	0154	0000	235
		_void_update_status		CODE           	0D72	0000	58
		_timer_isr     		CODE           	0AE1	0000	23
		_void_microwave_timer		CODE           	0EEE	0000	90
		_void_operation		CODE           	0039	0000	284
		_void_time_input		CODE           	0644	0000	134

main.c estimated size: 824

